\BOOKMARK [1][-]{section.1}{\376\377\000I\000n\000t\000r\000o\000d\000u\000c\000t\000i\000o\000n}{}% 1
\BOOKMARK [1][-]{section.2}{\376\377\000S\000e\000c\000t\000i\000o\000n\000\040\000h\000e\000a\000d\000i\000n\000g\000s}{}% 2
\BOOKMARK [2][-]{subsection.2.1}{\376\377\000A\000\040\000s\000u\000b\000-\000s\000e\000c\000t\000i\000o\000n}{section.2}% 3
\BOOKMARK [3][-]{subsubsection.2.1.1}{\376\377\000A\000\040\000s\000u\000b\000-\000s\000u\000b\000-\000s\000e\000c\000t\000i\000o\000n}{subsection.2.1}% 4
\BOOKMARK [1][-]{section.3}{\376\377\000T\000e\000x\000t}{}% 5
\BOOKMARK [2][-]{subsection.3.1}{\376\377\000L\000i\000s\000t\000s}{section.3}% 6
\BOOKMARK [2][-]{subsection.3.2}{\376\377\000P\000u\000n\000c\000t\000u\000a\000t\000i\000o\000n}{section.3}% 7
\BOOKMARK [2][-]{subsection.3.3}{\376\377\000C\000i\000t\000a\000t\000i\000o\000n}{section.3}% 8
\BOOKMARK [1][-]{section.4}{\376\377\000F\000o\000n\000t\000s}{}% 9
\BOOKMARK [1][-]{section.5}{\376\377\000N\000o\000t\000e\000s}{}% 10
\BOOKMARK [1][-]{section.6}{\376\377\000Q\000u\000o\000t\000a\000t\000i\000o\000n\000s}{}% 11
\BOOKMARK [1][-]{section.7}{\376\377\000E\000n\000v\000i\000r\000o\000n\000m\000e\000n\000t\000s}{}% 12
\BOOKMARK [2][-]{subsection.7.1}{\376\377\000E\000x\000a\000m\000p\000l\000e\000s\000\040\000f\000o\000r\000\040\000p\000l\000a\000i\000n\000-\000s\000t\000y\000l\000e\000\040\000e\000n\000v\000i\000r\000o\000n\000m\000e\000n\000t\000s}{section.7}% 13
\BOOKMARK [2][-]{subsection.7.2}{\376\377\000E\000x\000a\000m\000p\000l\000e\000s\000\040\000f\000o\000r\000\040\000d\000e\000f\000i\000n\000i\000t\000i\000o\000n\000-\000s\000t\000y\000l\000e\000\040\000e\000n\000v\000i\000r\000o\000n\000m\000e\000n\000t\000s}{section.7}% 14
\BOOKMARK [1][-]{section.8}{\376\377\000T\000a\000b\000l\000e\000s\000\040\000a\000n\000d\000\040\000f\000i\000g\000u\000r\000e\000s}{}% 15
\BOOKMARK [1][-]{section.9}{\376\377\000E\000q\000u\000a\000t\000i\000o\000n\000s\000\040\000a\000n\000d\000\040\000t\000h\000e\000\040\000l\000i\000k\000e}{}% 16
\BOOKMARK [1][-]{section*.2}{\376\377\000A\000p\000p\000e\000n\000d\000i\000x\000:\000\040\000T\000i\000t\000l\000e}{}% 17
\BOOKMARK [1][-]{appendix.A}{\376\377\000T\000i\000t\000l\000e\000\040\000o\000f\000\040\000t\000h\000e\000\040\000f\000i\000r\000s\000t\000\040\000a\000p\000p\000e\000n\000d\000i\000x}{}% 18
\BOOKMARK [1][-]{appendix.B}{\376\377\000T\000i\000t\000l\000e\000\040\000o\000f\000\040\000t\000h\000e\000\040\000s\000e\000c\000o\000n\000d\000\040\000a\000p\000p\000e\000n\000d\000i\000x}{}% 19
\BOOKMARK [2][-]{subsection.B.1}{\376\377\000F\000i\000r\000s\000t\000\040\000s\000u\000b\000s\000e\000c\000t\000i\000o\000n\000\040\000o\000f\000\040\000A\000p\000p\000e\000n\000d\000i\000x\000\040\000?\000?}{appendix.B}% 20
\BOOKMARK [1][-]{section*.4}{\376\377\000A\000c\000k\000n\000o\000w\000l\000e\000d\000g\000m\000e\000n\000t\000s}{}% 21
\BOOKMARK [1][-]{section*.6}{\376\377\000F\000u\000n\000d\000i\000n\000g}{}% 22
\BOOKMARK [1][-]{section*.8}{\376\377\000S\000u\000p\000p\000l\000e\000m\000e\000n\000t\000a\000r\000y\000\040\000M\000a\000t\000e\000r\000i\000a\000l}{}% 23
\BOOKMARK [1][-]{section*.10}{\376\377\000R\000e\000f\000e\000r\000e\000n\000c\000e\000s}{}% 24
